<?xml version="1.0" encoding="utf-8"?><testsuites><testsuite errors="0" failures="0" hostname="MacBook-Pro-Gladkikh.local" name="pytest" skipped="0" tests="0" time="0.098" timestamp="2021-02-03T12:50:48.477392"></testsuite></testsuites>